// Jest Snapshot v1, https://goo.gl/fbAQLP

exports[`Home Component renders should match snapshot 1`] = `
<div
  data-test="homeComponent"
>
  <Row
    tag="div"
    widths={
      Array [
        "xs",
        "sm",
        "md",
        "lg",
        "xl",
      ]
    }
  >
    <Col
      lg={6}
      sm={12}
      tag="div"
      widths={
        Array [
          "xs",
          "sm",
          "md",
          "lg",
          "xl",
        ]
      }
    >
      <Connect(BackendStatusCard)
        ipAddress={null}
        mode="card"
      />
    </Col>
    <Col
      lg={6}
      sm={12}
      tag="div"
      widths={
        Array [
          "xs",
          "sm",
          "md",
          "lg",
          "xl",
        ]
      }
    >
      <Connect(BandwidthStatusCard) />
    </Col>
  </Row>
  <Connect(DashboardPluginWidgets) />
  <h2>
    Jobs
  </h2>
  <Connect(RunningJobs)
    mode="full-status"
  />
</div>
`;
