// Jest Snapshot v1, https://goo.gl/fbAQLP

exports[`Video Player renders should match snapshot 1`] = `
<ErrorBoundary>
  <div
    className="img-thumbnail w-100 text-center"
    data-test="videoPlayerWidget"
  >
    <Button
      color="link"
      onClick={[Function]}
      tag="button"
    >
      <i
        className="fa fa-play-circle fa-4x"
      />
    </Button>
  </div>
</ErrorBoundary>
`;
