// Jest Snapshot v1, https://goo.gl/fbAQLP

exports[`Store Dashboard renders should match snapshot 1`] = `
<div
  data-test="storeDashboardComponent"
>
  $
  <p>
    Loading
  </p>
</div>
`;
