// Jest Snapshot v1, https://goo.gl/fbAQLP

exports[`Dashboard Plugin Widget renders should match snapshot 1`] = `
<Row
  data-test="dashboardPluginWidget"
  tag="div"
  widths={
    Array [
      "xs",
      "sm",
      "md",
      "lg",
      "xl",
    ]
  }
/>
`;
