// Jest Snapshot v1, https://goo.gl/fbAQLP

exports[`Dashboard Plugin renders should match snapshot 1`] = `
<div
  data-test="dashboardPluginComponent"
>
  <p>
    Could not find any appropriate plugin to load
  </p>
</div>
`;
